src/controllers/OrderController.ts(50,11): error TS2322: Type 'Product | null' is not assignable to type 'Product | undefined'.
  Type 'null' is not assignable to type 'Product | undefined'.
src/controllers/OrderController.ts(61,13): error TS2322: Type 'ProductSpec | null' is not assignable to type 'ProductSpec | undefined'.
  Type 'null' is not assignable to type 'ProductSpec | undefined'.
src/controllers/OrderController.ts(107,36): error TS2339: Property 'specName' does not exist on type 'ProductSpec'.
src/controllers/OrderController.ts(107,53): error TS2339: Property 'specValue' does not exist on type 'ProductSpec'.
src/controllers/OrderController.ts(328,32): error TS2339: Property 'items' does not exist on type 'Order'.
src/controllers/PaymentController.ts(85,17): error TS2339: Property 'items' does not exist on type 'Order'.
src/controllers/PaymentController.ts(85,32): error TS2339: Property 'items' does not exist on type 'Order'.
src/controllers/PaymentController.ts(86,34): error TS2339: Property 'items' does not exist on type 'Order'.
src/controllers/PaymentController.ts(88,15): error TS2769: No overload matches this call.
  Overload 1 of 2, '(this: ModelStatic<...>, values: { id?: number | Fn | Col | Literal | undefined; orderId?: number | Fn | Col | Literal | undefined; productId?: number | Fn | Col | Literal | undefined; ... 4 more ...; updatedAt?: Date | ... 3 more ... | undefined; }, options: Omit<...> & { ...; }): Promise<...>', gave the following error.
    Object literal may only specify known properties, and 'specId' does not exist in type '{ id?: number | Fn | Col | Literal | undefined; orderId?: number | Fn | Col | Literal | undefined; productId?: number | Fn | Col | Literal | undefined; ... 4 more ...; updatedAt?: Date | ... 3 more ... | undefined; }'.
  Overload 2 of 2, '(this: ModelStatic<...>, values: { id?: number | Fn | Col | Literal | undefined; orderId?: number | Fn | Col | Literal | undefined; productId?: number | Fn | Col | Literal | undefined; ... 4 more ...; updatedAt?: Date | ... 3 more ... | undefined; }, options: UpdateOptions<...>): Promise<...>', gave the following error.
    Object literal may only specify known properties, and 'specId' does not exist in type '{ id?: number | Fn | Col | Literal | undefined; orderId?: number | Fn | Col | Literal | undefined; productId?: number | Fn | Col | Literal | undefined; ... 4 more ...; updatedAt?: Date | ... 3 more ... | undefined; }'.
src/controllers/ProductController.ts(2,19): error TS2459: Module '"@/models/Product"' declares 'ProductSpec' locally, but it is not exported.
src/models/Admin.ts(138,14): error TS2323: Cannot redeclare exported variable 'Setting'.
src/models/Admin.ts(214,14): error TS2323: Cannot redeclare exported variable 'StockLog'.
src/models/Admin.ts(316,14): error TS2323: Cannot redeclare exported variable 'Refund'.
src/models/Admin.ts(417,10): error TS2323: Cannot redeclare exported variable 'Setting'.
src/models/Admin.ts(417,10): error TS2484: Export declaration conflicts with exported declaration of 'Setting'.
src/models/Admin.ts(417,19): error TS2323: Cannot redeclare exported variable 'StockLog'.
src/models/Admin.ts(417,19): error TS2484: Export declaration conflicts with exported declaration of 'StockLog'.
src/models/Admin.ts(417,29): error TS2323: Cannot redeclare exported variable 'Refund'.
src/models/Admin.ts(417,29): error TS2484: Export declaration conflicts with exported declaration of 'Refund'.
src/services/AuthService.ts(145,7): error TS2322: Type 'string' is not assignable to type 'number | StringValue | undefined'.
src/services/AuthService.ts(163,7): error TS2322: Type 'string' is not assignable to type 'number | StringValue | undefined'.
